scenario             system     1st same   EOI  v(all) asks/200 max run  ISI CV
twin_world_002       current        1.00  1.00    0.00    200.0   200.0    0.00
twin_world_002       proposed       1.00  1.00    1.00      5.7     1.0    1.10
twin_world_003       current        1.00  1.00    1.00    197.0   196.0    0.21
C:\Users\Public\PROACTIVE_AI\research\endogeneity_topology\eia_prototype\tick63_system_card_v2.py:43: RuntimeWarning: Mean of empty slice
  asks=np.mean([x["asks"] for x in rs]), max_run=np.mean([x["max_run"] for x in rs]), cv=np.nanmean([x["cv"] for x in rs]))
twin_world_003       proposed       1.00  1.00    0.83      1.7     1.0     nan
twin_world_004       current        1.00  1.00    1.00    200.0   200.0    0.00
twin_world_004       proposed       1.00  1.00    1.00      2.7     1.0     nan
twin_world_005       current        1.00  1.00    1.00    200.0   200.0    0.00
twin_world_005       proposed       1.00  0.67    1.00      4.3     1.0    1.48
twin_world_006       current        1.00  1.00    1.00    200.0   200.0    0.00
twin_world_006       proposed       1.00  1.00    1.00      6.7     1.0    1.10
twin_world_001       current        1.00  1.00    1.00    200.0   200.0    0.00
twin_world_001       proposed       1.00  1.00    1.00      7.0     1.0    1.36
autonomous_question  current        1.00  1.00    0.00    200.0   200.0    0.00
autonomous_question  proposed       1.00  1.00    1.00      4.0     1.0    0.82

means:
  current  same 1.00  eoi 1.00  vall 0.71  asks 199.57  max_run 199.43  cv 0.03
  proposed same 1.00  eoi 0.95  vall 0.98  asks 4.57  max_run 1.00  cv 1.17
